Second line updated
